                                  ########### ####  #########   ###                                                                                                                                                                                  ### #####  #########
                                  ###### ####  ###                                                                                                                                                                                                             ##  #######  ###
                                  ##########   ###                                                                                                                                                                                                              ########## ####  ###
                               ########  ###                                                                                                                                                                                                                         ###############
                               ######                                                                                                                                                                                                                                     ######### #####
                           ########                                                                                                                                                                                                                                       ###  ###############
                           ########                                                                                                                                                                                                                                            ########## ###### ###
                          ######                                                                                                                #############                                                                                                                        ###############  ###
                        ########                                                                                   ####################          #         ## ######                                                                                                                      ##### #########
                       ######                                                                             #####     ##               #          ###############   ## ######                                                                                                                    ###############
                    #########                                                                        #### ## ##    ####################                       ###### ##  ## ######                                                                                                             ###  ###############
                    #########                                                                   ####### #######                                                      ###### ##  ## ######                                                                                                            ################ ###
                   ######                                                                  ####### #######                                                                  ###### ##  #####                                                                                                              ###############
                 ########                                                             ####### #######                                                                              ####### #####                                                                                                                #########
                ### ##                                                            ### ## #######                                                                                        ##### #####                                                                                                                 ######
            ##### ####                                                           ## # #####                                                                                                 ###  #####                                                                                                                #####
            ##########                                                         ## ###                                                                                                          ###   ####                                                                                                             #####
            ######                                                           ##  ##                                                                                                               #### #####                                                    [THE OUTSKIRTS]                                       ######
          ### ####                                                         ### ###                                                                                                                   #############                                                                                                      #####
         ######                                                          ### ###                                                                                                                        ######  #######                                                                                                 ######
     ##### ####                                                        ### ###                                                                                                                              ######## ## #####                                                                                           #### ####
     ##########                                                      ### ###                                                                                                                                      #######  ####                                                                                           ##### #
     ######                                                        #######                                                    [Y District]                                                                 ###          #########                                                                                         #### ##
   ### ####                                                      ### ####                                                                                                                                  # #  ###         ### ###                                                                                       #########
  ######                                                       ########                                                                                                                       ###          ###  # #           ###  ###                                                                                       ######
 ######                                                      ########        ####       ###                                                              ###         ###                    # # #               ###        ###   ##### ######                                                                                ######
 ####                                                      ####### ###       ####       # ###                                                      ###   # #         # #     ###           #  ###                          # #    #### #   ## ######                                                                         #### ####
 ###                                                      ## ####  # #       ####       ### ###                                              ###   # #   ###         ###    ## #    #####   #                              ###         ########   ## #####                                                                     #######
 ###                                                     ## ###    ###                    ### ###                                      ###   # #   ###                       ###    #####                                     ##              #########  # ###                                                                 # #####
                                                        ## ##                               ### ###                              ###   # #   ###                                    #####                                    ###                     ##### ######                                                              #### ####
                                                       ## ##                                  ### ###                            # # #####                                            ##                                     ###                           #########                                                              ######
                                                      ## ##                                     ### ###                 ###      #### #                                             ###                                      ###                             ###########                                                           #####
                                                     ## ##                                        ### ###          ###  # #         ######                                          # #              [P District]                                               ##### #####                                                         ######
                                                    ## ##                                           ### ###   ###  # #  ###            # #                 [O District]             ###                                                                            ###########                                                       #####
                                                   ## ##                                              ######  # #  ###                 ###                                         #                                                                                    #########                                                    #####
                                                  ## ##                                            ###  ####  ###                           #                                                                               ###                                           ###########                                                 ######
                                                 ## ##                                             # #   ###                               #                                      ###                                       ###                                              ##### #####                                               ## ##
                                                ## ##                                              ###                                        ###                                 # #                                       ###                                                 ###########                                            ######
                                               ## ##                                           ###                                            # #                                 ###                                       ###                                                      ########                                            #####
                                              ## ##                                            # #                                            ######                                                                                                                                   #######                                           #####
                                              ####                                             ###                                               # #             ###            ####                                                                                                      ## #                                           ######
                                              # #                 [X District]                                                                   ###      ##     # #            # ##      ##           #####       ###                                                                     ####                                            #####
                                             ## #                                                                                                  ###   #       ###            ####     # #  #            #       # #    ####                                                             ## #                                            ######
                                             ####                                                                                              ### # #    ##                              ## # #       #####       ###    #### ###                                                          ####                                           #### ####
                                             # #                                                                                               # # ###                                       #A#                          #### # #                                                          ####                                             ##### #
                                             # #                                                            [N District]              ###      ###                                            A                                ### A                                                         # ##                                            #######
                                            ## #                                                                                      # #                                                    A                                      AAAAA                      [Q District]                  ####                                            #### ####
                                            ####                                            # #                                       ###                                                    A                                           AAAAA                                                # ##                                              ######
                                            # #                                             # #                                                                                              A                                                AA                                              ####                                              ######
                                            # #                                                                                 ###                                                          A                                                  A                                             ## #                                              #########
                                           ####                                                                                 # #                                                         A                                                    A                                             ####                                               ## ####
                                           ####              ###  ###                                                           ###                         [G District]                    A                                                     A                                            ####                                               #######
                                           # #          #    # #  # ####                                                                                                                    A                       [H District]                   A                                            ####                                              #### ####
                                           # #    ###  # #   ###  #### #                   ###                                                                                              A                                                       A                                           ## #                                                 ######
                                          ######  # #   #            ###                   # #                                                                                              A                                                        AA                                          ####                                                 #####
                                          #### #  ###                                      ###                               AAA                                                           A                                                           A                                         ####                                                  ######
                                          # ####                                                                            A   AAA                                            AAAAA       A                                                            A                                         ####                                                  #####
                                         ####                                             ###                              A       AAA                                      AAA     AAAAA A                                                              A                                        ## #                                                  #####
                                         ####                                          ## AAAAAAAAAAAAAAAAAAAAAAAAAAAAAAAAAA          AAA                                AAA             AAAAAAAAAAAAAAAAAAAA                                            AA                                        ####                                                  ## ###
                                         ####                                         # #####                              A             AAA                          AAA                   A                AAAA                                     AAA  AA                                      ## #                                                   #####
                                         ###                                          ## # #                               A                AAA                    AAA                      A                    AAAA                              AAA       A                                     ######                                                  ####
                                        ####                                            ####                              A                    AAA              AAA                         A                        AA                        AAAA           AA                                     #####                                                  #####
                                        ####                                            # #                               A                       AAA         AA                            A                          AA                  AAAA                 AA                                   AA# ##                                                 #####
                                        ###                                            ####                               A                          AAA     A                             A                             A              AAA                       AA                               AA  ## ###                                               ######
                                       ####                                            # #                                A                             AAA A                              A                              A         AAAA                           A                             AA     ######                                               #######    
                                       ####                                           ####                                A                                A                               A                               A     AAA                               A                           AA        ### ##                                              #######    
                                       ####                                           # #                                A                                 A                              A                                 AAAAA                                  A                         AA            ## ###                                            #######    
                                       # #                                           ####                                A                                A          [B District]         A             [C District]         A                                     A                      AAA               ######                                            ######    
                                       # #                                           # #                                 A                                A                               A                                   A                                    AAAAAAAAAAAAAAAAAAAAAAA                   ######                                           #######   
                                       ####                                           ##                                 A                                A                               A                                    A                                   A                                          ### ##                                          ######    
                                       ####             [W District]                # #                                  A                                A                           AAAA AAA                                  A                                  A                                            ## ###                                        #######   
                                       ####                                         ###                                  A                                A                        AAA        AAA                               A                                  A                                             #####                                        #######   
                                        #####                                                     [M District]          A           [F District]          A                     AAA              AA                            A                                   A                                              ####                                        #######   
                                        #####                                                                           A                                  A                 AAA                   A                           A                                   A                                              ####                                          # #     
                                         #####                                                                          A                                  A              AAA                       A                         A                                    A                                              ####                                          # #     
                                         ### ##                                      ###                                 A                                 A             A                           A                        A                                    A                                              ####                                          ###     
                                           ####                                      # #                                 A                                 A            A                             AAAAAAAAAAAAAAAAAAAAAAAA             [I District]            A                                               ###                                          ###     
                                            ####                                     ###                                  A                                A           A                             A                        AA                                   A                                               # #                                          ###     
                                            ## ##                                     #                                   A                                 A         A                            AA                           AA                                 A                                               # #                                           ###    
                                             ####                                                                          A                              AAA        A        [A District]        A                               A                                A                                               # #                                           ###    
                                              ####                                                                         A                           AAA   A       A                          AA                               A                                 A                                              ####                                           ###    
                                              ## ##                                                                         A                        AA       A     A                          A                                 A                                 A                                              ####                                           # #    
                                               ## #                                                                       AAA                     AAA          A    A                        AA                                  A                                  A                                             ####                                           # #    
                                                ####                                ##  ###                            AAA   A                 AAA              A  A                        A                                    A                                  A                                             ## #                                         #######  
 #                                              ## ##                             ### # # #                         AAA       A              AA                  A A                      AA                                    A A                                 A                                             ####                                         ### ###  
 #                                               #####                               ## ###  ###                 AAA#          A          AAA                     A                      A                                     A   AA                               A                                             ####                                         #######  
 #                                                #####                            ##        # ###            AAA               A       AA                         AAAAA               AA                                      A     A                            AAA                                             ####                                         #######  
 ####                                              ######                        #           ##  #         AAA                   A   AAA                                AAAAA         A               [D District]            A       A                        AAA A                                              ####                                         #######  
 ####                                               ### ####                                    ##      AAA                       AAA                                        AAAAA  AA                                        A        AA                   AAA   A                                               ####                                         #######  
 ####                                                 ########                                      #AAA                           A                                              AAA                                        A           A               AAA      A                                               ####                                          ####### 
 # ####                                                 ########                                    ######                          A                                                A                                      A             AAAAAAA    AAA         A                                                ####                                          ## #### 
 ######                                                   ########                                    # #                            A                                                A                                    A                     AAAA            A                                               ####                                           ####### 
 ######                                                     ### ####                                  ####                            A                                                A                                  A                                     A                 [R District]                   ####                                             ##### 
 #### ###                                                     #######                                  # #                             A                   [E District]                A                                AA                                     A                                                 ###                                              ##### 
    #####                                                       #####                                  ####                             A                                              A                              AA                                       A                                                ####                                              ##### 
     #####                                                        ####                                  # #                              AA                                             A                           AA                                        A                                                 ####                                              # #   
      #####                                                       ####                                  ####                               AAA                                          A                         AA                                         A                                                 ## #                                               # #   
       #####                                                       ####                                  # #                                  AAA                                        A                      AA                                           A                                                 ####                                             # #     
       ### ##                                                      ## ##                                 ####                                    AAA                                     A                    AA                                            A                                                 ####                                                ###   
         #####                                                      ####                                  # #                                       AAA                                   A                 AA                                             A                                                  ####                                                ###   
         ######                                                     ## ##                                 ####            [L District]                 AAA                            AAAAAAAAAAAAAAAAAAAAAA                                               A                                                  # ##                                                ####
         #### ####                                                   ####                                  # #                                            AAA                 AAAAAAAA          A                                                         A   #                                              ## #                                                  ###
            ######                                                   #####                                 ####                                          A   AAA      AAAAAAAA                  A                                                        A  # # #                                            #####                                               ######
            ######                                                    ####                                  # #                                         A       AAAAAA                          A                         [J District]                   A  #### #                                          ## ###                                               ### ##
            #### ####                                                 ####                                  ###  ###                                   A                                         A                                                      A       #                                           ####                                               ########
               ######                                                  ####              [V District]            # #                                  A                                          A                                                      #                                                   # #                                                #######
                #####                                                   # ##                                     ###                                 A                                           A                                                     A                                                   #############################                       ######
                 ## ###                                                 ## ###                                           ###                        A                                            A                                                    A                                     ####           ####                       ##  ###               #### ####
                  #####                                                  ######                                          # #                       A                                             A                                                   A                                      ## #           #############################  # # ###           ######
                   #####                                                  ### ###                                        ###  ###                 A                                               A                                               AAA                                       ####          ####                            ### # #  ###      ######
                    #####                                                   #######                                           # ###              A                                                A                                          AAAAA                                                       #####                                ###  # #  #####  ###
                     #####                                                    ######                                          ### #             A                   [K District]                  AAAA                                  AAAAA                                                           ######                                     ###  #########
                     ### ####                                                  #######                                    ###   ###            A                                                 A    AAAA                         AAAAA                                                               ######                                         ###########
                       ######                                                    #######                                  # #                 A                                                 A         AAAA                AAAAA                                                                   ######                                          ######
                       ######                                                      ######                                 ###                A                                                 A              AAAA       AAAAA                                                                       ## ###                                           ######
                       #### ###                                                     ### ###                           ###                   A                                                 A                   AAAAAAA                                                                           ## ##                                          #### ####
                          #####                                                       #######                         # #                    AAAAA                                           A                                                                                                     ## ##                                           ### ##
                          ##########                                                    ######                       ####                         AAAAAAAAA                                 A                                                                                                     ## ##                                           #######
                          ##########                                                     ### ###                      #                                    AAAAAAAA                  AAAAAAA                                                                  [S District]                       ## ##                                           ########
                              ######                                                        # ####               ###                                               AAAAAAAAAAAAAAAAAA      A                                                                                                    ## ##                                           #####
                              ########                                                       ## ###              # #                                                                                                                                                                           ## ##                                        ##### ###
                                 #######                                                      ##########         ###                                                                                                                  ###                                                      # ##                                         #######
                                   ########                                                     ##### ######  #                                                                          ###                                          # #                                                     # ##                                          #######
                                    #######                                                        ###### ######                                                                         # #                                          # #                                                   ## #                                          #########
                                     ##########                                              ##        ###### ###                                                                        ###             [T District]                 ###                                             ####### #                                           #####
                                     ##### ####                                            ####             ### ##                                                                                                                                                            ######  #    # ##                                       ########
                                         #######                                          ## #                ## ###                                                                                                                                                 ####### ##  ###  ######                                          # #####
                                          ########                                       ## ##                 ### ##                        [U District]                                                                           ####                             ##   ##  ######                                                  ######
                                            ### ###                                     ## ##                    ## ###                                                                 ###                                       ######                             #######                                                       #########
                                             #########                                  ####                      ######                                                                ###                                     ########                                                                                           #######
                                             ########### ###                            ###                        ### ###                                                              ###                                    #######                                                                                             ######
                                                  ##########                                                         ######                                                             ###                                  ### ###                                                                                             ### ####
                                                  ##############                                                      ### ###                                                                                              ### ###                                                                                          ##########
                                                       ##########                                                       ######                                                                                       ####### ###            ###                                                                             ##########
                                                       ## ###########                                                    ### ###                                                         ##################          #    ####              # #                                                                        ###############
                                                            ##############      ###                                        ##########                                            ######                  #           #######                ###                                                                       ###########
                                                                ##########     ####                                         ###    ##     ##########                      ###### ##  ##  ##################                                                                                                        ########## ###
                                                                 ##################                                           #######     ##      ##    ########## ###### ##  ## ######                                                                                                                      ### ##########
                                                                     ########## ##                                                        ##########    ##      ## ##  ## ######                                                                                                                             ##### ####
                                                                     ### ##########                                                                     ########## ######                                                                                                                               ###############
                                                                           ########## ###                                                                                                                                                                                                               ##########
                                                                               #### #####                                                                                                                                                                                                           ##############
                                                                               ###############                                                                                                                                                                                                     ##########
                                                                                    ##########                                                                                                                                                                                                 ##########
                                                                       ###          ##############                                                                                              [THE GREAT LAKE]                                                                          ##############
                                                                       # #               ########### ###                                                                                                                                                                                  ##########
                                                                      ####                   ###########                                                                                                                                                                             ###############
                                                                      # #                     ##############                                                                                                                                                                      ### ##########
                                                                      ###                         ###########                                                                                                                                                        ###   ######### ###### ###
                                                                                                  ###############                                                                                                                                         ###   ########## ####  ### #####
                                                                                                        ########## ###                                                                                                                        ###   ### ####### ########## #########
                                                                                                            ###### # #                                                                                                                        # ### # # ####### ########## ###   ###
                                                                                                             #### # # ###### ###   ###                                                                                  ###  ####  #########  #### #### ####### ###   ###
